---
source: match3/src/tests.rs
expression: "variants[0].1"
---
Should merge wildcard groups while avoiding different groups
Board: 
╭───╮
│--r│
│--*│
│r**│
│--*│
│--g│
╰───╯
Match #0 - r:
╭───╮
│  r│
│  *│
│r**│
│  *│
│   │
╰───╯
Match #1 - g:
╭───╮
│   │
│  *│
│  *│
│  *│
│  g│
╰───╯
Remaining cells:
╭───╮
│-- │
│-- │
│   │
│-- │
│-- │
╰───╯
