---
source: match3/src/tests.rs
expression: "variants[0].1"
---
Should match groups in a middle of a line
Board: 
╭─────╮
│yrrrw│
│ygggw│
│ybbbw│
╰─────╯
Match #0 - y:
╭─────╮
│y    │
│y    │
│y    │
╰─────╯
Match #1 - r:
╭─────╮
│ rrr │
│     │
│     │
╰─────╯
Match #2 - w:
╭─────╮
│    w│
│    w│
│    w│
╰─────╯
Match #3 - g:
╭─────╮
│     │
│ ggg │
│     │
╰─────╯
Match #4 - b:
╭─────╮
│     │
│     │
│ bbb │
╰─────╯
Remaining cells:
╭─────╮
│     │
│     │
│     │
╰─────╯
