---
source: match3/src/tests.rs
expression: "variants[0].1"
---
Should combine intersecting groups
Board: 
╭─────╮
│-r-r-│
│rrrrr│
│-r-r-│
│rrrrr│
│-r-r-│
╰─────╯
Match #0 - r:
╭─────╮
│ r r │
│rrrrr│
│ r r │
│rrrrr│
│ r r │
╰─────╯
Remaining cells:
╭─────╮
│- - -│
│     │
│- - -│
│     │
│- - -│
╰─────╯
